2026-05-01T19:15:48Z [INFO] layer2_pipeline: Mr. Ripley Layer-2 pipeline starting
2026-05-01T19:15:48Z [INFO] layer2_pipeline: run_id=20260501T171548Z | dry_run=True | db=layer2_truth.db
2026-05-01T19:15:48Z [INFO] layer2_pipeline: ========================================================================
2026-05-01T19:15:48Z [INFO] layer2_pipeline: Stage adapters | attempt 1/3
2026-05-01T19:15:48Z [INFO] layer2_pipeline: CMD: C:\Code\Mr-Ripley\venv\Scripts\python.exe layer2/run_backfill.py --db layer2_truth.db --dry-run
2026-05-01T19:15:48Z [INFO] layer2_pipeline: ========================================================================
2026-05-01T19:16:13Z [ERROR] layer2_pipeline: Stage adapters FAIL | exit_code=1 | elapsed=24.7s
2026-05-01T19:16:13Z [WARNING] layer2_pipeline: Retrying stage adapters after 2.0s
2026-05-01T19:16:15Z [INFO] layer2_pipeline: ========================================================================
2026-05-01T19:16:15Z [INFO] layer2_pipeline: Stage adapters | attempt 2/3
2026-05-01T19:16:15Z [INFO] layer2_pipeline: CMD: C:\Code\Mr-Ripley\venv\Scripts\python.exe layer2/run_backfill.py --db layer2_truth.db --dry-run
2026-05-01T19:16:15Z [INFO] layer2_pipeline: ========================================================================
2026-05-01T19:16:39Z [INFO] layer2_pipeline: Stage adapters PASS | elapsed=23.9s
2026-05-01T19:16:39Z [INFO] layer2_pipeline: ========================================================================
2026-05-01T19:16:39Z [INFO] layer2_pipeline: Stage quality_gate | attempt 1/1
2026-05-01T19:16:39Z [INFO] layer2_pipeline: CMD: C:\Code\Mr-Ripley\venv\Scripts\python.exe layer2/adapters/quality_gate.py
2026-05-01T19:16:39Z [INFO] layer2_pipeline: ========================================================================
2026-05-01T19:16:40Z [INFO] layer2_pipeline: Stage quality_gate PASS | elapsed=0.8s
2026-05-01T19:16:40Z [INFO] layer2_pipeline: ========================================================================
2026-05-01T19:16:40Z [INFO] layer2_pipeline: Stage snapshot_publish | attempt 1/1
2026-05-01T19:16:40Z [INFO] layer2_pipeline: CMD: C:\Code\Mr-Ripley\venv\Scripts\python.exe layer2/adapters/snapshot_publisher.py --dry-run
2026-05-01T19:16:40Z [INFO] layer2_pipeline: ========================================================================
2026-05-01T19:16:40Z [INFO] layer2_pipeline: Stage snapshot_publish PASS | elapsed=0.6s
2026-05-01T19:16:40Z [INFO] layer2_pipeline: 
2026-05-01T19:16:40Z [INFO] layer2_pipeline: ========================================================================
2026-05-01T19:16:40Z [INFO] layer2_pipeline: LAYER-2 PIPELINE SUMMARY
2026-05-01T19:16:40Z [INFO] layer2_pipeline: ========================================================================
2026-05-01T19:16:40Z [INFO] layer2_pipeline: run_id:      20260501T171548Z
2026-05-01T19:16:40Z [INFO] layer2_pipeline: run_ts:      2026-05-01T17:15:48.647894+00:00
2026-05-01T19:16:40Z [INFO] layer2_pipeline: db_path:     layer2_truth.db
2026-05-01T19:16:40Z [INFO] layer2_pipeline: dry_run:     True
2026-05-01T19:16:40Z [INFO] layer2_pipeline: force:       False
2026-05-01T19:16:40Z [INFO] layer2_pipeline: log_path:    C:\Code\Mr-Ripley\runtime\logs\layer2_pipeline_20260501T171548Z.log
2026-05-01T19:16:40Z [INFO] layer2_pipeline: stage=adapters       status=PASS     attempts=2 elapsed=50.7s
2026-05-01T19:16:40Z [INFO] layer2_pipeline: stage=quality_gate   status=PASS     attempts=1 elapsed=0.8s
2026-05-01T19:16:40Z [INFO] layer2_pipeline: stage=snapshot_publish status=PASS     attempts=1 elapsed=0.6s
2026-05-01T19:16:40Z [INFO] layer2_pipeline: verdict:     PASS
2026-05-01T19:16:40Z [INFO] layer2_pipeline: ========================================================================
